src/app/dashboard/permissions/page.tsx(879,1): error TS1128: Declaration or statement expected.
src/app/dashboard/roles/page.tsx(721,1): error TS1128: Declaration or statement expected.
